// 重构日志: 5eae9abe
// 重构日志: 86983679
// 重构日志: 0cac7cdf
// 重构日志: 4877841c
// 同步 ID: 898afcaf @ Sat Jul 25 23:36:53 UTC 2026
// 同步 ID: c92badff @ Sun Jul 26 09:31:39 UTC 2026
// 重构日志: 42d03667
// 重构日志: de9ad2c0
// 同步 ID: 21619c38 @ Mon Jul 27 08:25:28 UTC 2026
// 同步 ID: d9878184 @ Tue Jul 28 07:04:39 UTC 2026
// 重构日志: 948dd9d0
// 重构日志: ae96c04a
// 重构日志: cb9439c8
// 重构日志: ec7482cf
// 重构日志: 7870677a
// 重构日志: 5a8bb904
// 重构日志: 9379a00b
// 同步 ID: 785bf41f @ Sun Aug  2 04:08:52 UTC 2026
// 同步 ID: 28bdb892 @ Sun Aug  2 09:20:29 UTC 2026
// 重构日志: e38edce7
// 重构日志: 00ac103b
// 重构日志: 26392804
// 重构日志: caf5326e
// 重构日志: aea76010
// 重构日志: eb4c634d
// 重构日志: fc641920
// 同步 ID: c3e21e17 @ Tue Aug  4 10:38:31 UTC 2026
// 重构日志: 22985aea
// 重构日志: 0fb87a5d
// 同步 ID: 1803cd94 @ Wed Aug  5 17:07:29 UTC 2026
// 重构日志: 5db2d800
